../Drivers/CMSIS/Include/core_cm4.h:2064:26:ITM_SendChar	16	static,ignoring_inline_asm
../Core/Src/main.c:81:5:main	8	static
../Core/Src/main.c:161:6:SystemClock_Config	88	static
../Core/Src/main.c:215:13:MX_GPIO_Init	32	static
../Core/Src/main.c:232:6:http_server_init	16	static
../Core/Src/main.c:237:13:http_thread	32	static
../Core/Src/main.c:272:13:http_serve_page	64	static
../Core/Src/main.c:315:5:_write	32	static
../Core/Src/main.c:335:6:StartDefaultTask	16	static
../Core/Src/main.c:357:6:HAL_TIM_PeriodElapsedCallback	16	static
../Core/Src/main.c:374:6:Error_Handler	4	static,ignoring_inline_asm
